app/api/admin/users.routes.ts(2,40): error TS2307: Cannot find module './deps' or its corresponding type declarations.
app/api/admin/users.routes.ts(3,34): error TS2307: Cannot find module '../schemas/user' or its corresponding type declarations.
app/api/admin/users.routes.ts(4,30): error TS2307: Cannot find module '../services/user_service' or its corresponding type declarations.
app/api/auth/auth.routes.ts(3,26): error TS2307: Cannot find module './deps' or its corresponding type declarations.
app/api/auth/auth.routes.ts(4,114): error TS2307: Cannot find module '../schemas/auth' or its corresponding type declarations.
app/api/auth/auth.routes.ts(5,30): error TS2307: Cannot find module '../services/auth_service' or its corresponding type declarations.
app/api/care_companion/visits.routes.ts(2,40): error TS2307: Cannot find module './deps' or its corresponding type declarations.
app/api/care_companion/visits.routes.ts(3,83): error TS2307: Cannot find module '../schemas/visit' or its corresponding type declarations.
app/api/care_companion/visits.routes.ts(4,31): error TS2307: Cannot find module '../services/visit_service' or its corresponding type declarations.
app/api/shared/deps.ts(2,29): error TS2307: Cannot find module '../core/security' or its corresponding type declarations.
app/api/shared/emergency.routes.ts(3,62): error TS2307: Cannot find module '../schemas/emergency' or its corresponding type declarations.
app/api/shared/emergency.routes.ts(4,35): error TS2307: Cannot find module '../services/emergency_service' or its corresponding type declarations.
app/api/shared/medications.routes.ts(3,63): error TS2307: Cannot find module '../schemas/medication' or its corresponding type declarations.
app/api/shared/medications.routes.ts(4,36): error TS2307: Cannot find module '../services/medication_service' or its corresponding type declarations.
app/api/subscriber/beneficiaries.routes.ts(2,40): error TS2307: Cannot find module './deps' or its corresponding type declarations.
app/api/subscriber/beneficiaries.routes.ts(3,66): error TS2307: Cannot find module '../schemas/beneficiary' or its corresponding type declarations.
app/api/subscriber/beneficiaries.routes.ts(4,37): error TS2307: Cannot find module '../services/beneficiary_service' or its corresponding type declarations.
app/api/subscriber/dashboard.routes.ts(2,30): error TS2307: Cannot find module './deps' or its corresponding type declarations.
app/api/subscriber/dashboard.routes.ts(3,20): error TS2307: Cannot find module '../core/database' or its corresponding type declarations.
app/api/subscriber/dashboard.routes.ts(13,30): error TS7006: Parameter 'b' implicitly has an 'any' type.
app/api/subscriber/dashboard.routes.ts(27,41): error TS7006: Parameter 'v' implicitly has an 'any' type.
app/api/subscriber/dashboard.routes.ts(59,32): error TS7006: Parameter 'v' implicitly has an 'any' type.
app/api/subscriber/dashboard.routes.ts(67,33): error TS7006: Parameter 'v' implicitly has an 'any' type.
app/api/subscriber/dashboard.routes.ts(72,38): error TS2307: Cannot find module '../services/subscription_service' or its corresponding type declarations.
app/api/subscriber/dashboard.routes.ts(89,38): error TS7006: Parameter 'b' implicitly has an 'any' type.
app/api/subscriber/dashboard.routes.ts(113,48): error TS7006: Parameter 'sum' implicitly has an 'any' type.
app/api/subscriber/dashboard.routes.ts(113,53): error TS7006: Parameter 'b' implicitly has an 'any' type.
app/api/subscriber/dashboard.routes.ts(122,56): error TS7006: Parameter 'sum' implicitly has an 'any' type.
app/api/subscriber/dashboard.routes.ts(122,61): error TS7006: Parameter 'sub' implicitly has an 'any' type.
app/api/subscriber/dashboard.routes.ts(135,53): error TS7006: Parameter 'v' implicitly has an 'any' type.
app/api/subscriber/subscriptions.routes.ts(2,38): error TS2307: Cannot find module '../services/subscription_service' or its corresponding type declarations.
app/services/admin/user_service.ts(1,20): error TS2307: Cannot find module '../core/database' or its corresponding type declarations.
app/services/admin/user_service.ts(38,21): error TS7006: Parameter 'v' implicitly has an 'any' type.
app/services/auth/auth_service.ts(1,20): error TS2307: Cannot find module '../core/database' or its corresponding type declarations.
app/services/auth/auth_service.ts(2,29): error TS2307: Cannot find module '../core/security' or its corresponding type declarations.
app/services/auth/auth_service.ts(3,30): error TS2307: Cannot find module '../utils/helpers' or its corresponding type declarations.
app/services/care_companion/visit_service.ts(1,20): error TS2307: Cannot find module '../core/database' or its corresponding type declarations.
app/services/care_companion/visit_service.ts(2,51): error TS2307: Cannot find module '../utils/helpers' or its corresponding type declarations.
app/services/care_companion/visit_service.ts(4,24): error TS2307: Cannot find module '../models/visit' or its corresponding type declarations.
app/services/shared/emergency_service.ts(1,20): error TS2307: Cannot find module '../core/database' or its corresponding type declarations.
app/services/shared/emergency_service.ts(2,30): error TS2307: Cannot find module '../utils/helpers' or its corresponding type declarations.
app/services/shared/medication_service.ts(1,20): error TS2307: Cannot find module '../core/database' or its corresponding type declarations.
app/services/shared/medication_service.ts(2,30): error TS2307: Cannot find module '../utils/helpers' or its corresponding type declarations.
app/services/subscriber/subscription_service.ts(1,20): error TS2307: Cannot find module '../core/database' or its corresponding type declarations.
app/services/subscriber/subscription_service.ts(2,30): error TS2307: Cannot find module '../utils/helpers' or its corresponding type declarations.
